
================================================================================
[AUDIT LOG] NLP DESIGN REQUEST & AGENT INTERPRETATION
Timestamp: 2026-08-26 14:08:49
Engine:    Local Biomechanical NLP
--------------------------------------------------------------------------------
USER INPUT PROMPT:
"22-year-old competitive skier with midshaft spiral femur fracture needing high torsional rigidity"

AGENT STRUCTURED TRANSLATION:
• Clinical Objective:      Rigid Fixation & High-Strength Stability
• Target Micro-Motion:     0.120 mm (120 µm)
• Upper Mass Limit:        70%
• Recommended Biomaterial: Ti-6Al-4V (Grade 5 Titanium)
• Recommended Topology:    Schwarz Diamond (D)
• Clinical Rationale:
  🔍 [Local Biomechanical NLP]: Enforces high structural rigidity (0.12mm limit) using a Schwarz Diamond (D) lattice to withstand athletic load cycles and prevent fixation failure.
================================================================================


================================================================================
[AUDIT LOG] NLP DESIGN REQUEST & AGENT INTERPRETATION
Timestamp: 2026-08-26 14:11:10
Engine:    Local Biomechanical NLP
--------------------------------------------------------------------------------
USER INPUT PROMPT:
"22-year-old competitive skier with midshaft spiral femur fracture needing high torsional rigidity"

AGENT STRUCTURED TRANSLATION:
• Clinical Objective:      Rigid Fixation & High-Strength Stability
• Target Micro-Motion:     0.120 mm (120 µm)
• Upper Mass Limit:        70%
• Recommended Biomaterial: Ti-6Al-4V (Grade 5 Titanium)
• Recommended Topology:    Schwarz Diamond (D)
• Clinical Rationale:
  🔍 [Local Biomechanical NLP]: Enforces high structural rigidity (0.12mm limit) using a Schwarz Diamond (D) lattice to withstand athletic load cycles and prevent fixation failure.
================================================================================


================================================================================
[AUDIT LOG] NLP DESIGN REQUEST & AGENT INTERPRETATION
Timestamp: 2026-08-26 14:12:07
Engine:    Local Biomechanical NLP
--------------------------------------------------------------------------------
USER INPUT PROMPT:
"22-year-old competitive skier with midshaft spiral femur fracture needing high torsional rigidity"

AGENT STRUCTURED TRANSLATION:
• Clinical Objective:      Rigid Fixation & High-Strength Stability
• Target Micro-Motion:     0.120 mm (120 µm)
• Upper Mass Limit:        70%
• Recommended Biomaterial: Ti-6Al-4V (Grade 5 Titanium)
• Recommended Topology:    Schwarz Diamond (D)
• Clinical Rationale:
  🔍 [Local Biomechanical NLP]: Enforces high structural rigidity (0.12mm limit) using a Schwarz Diamond (D) lattice to withstand athletic load cycles and prevent fixation failure.
================================================================================


================================================================================
[AUDIT LOG] NLP DESIGN REQUEST & AGENT INTERPRETATION
Timestamp: 2026-08-26 14:13:07
Engine:    Local Biomechanical NLP
--------------------------------------------------------------------------------
USER INPUT PROMPT:
"22-year-old competitive skier with midshaft spiral femur fracture needing high torsional rigidity"

AGENT STRUCTURED TRANSLATION:
• Clinical Objective:      Rigid Fixation & High-Strength Stability
• Target Micro-Motion:     0.120 mm (120 µm)
• Upper Mass Limit:        70%
• Recommended Biomaterial: Ti-6Al-4V (Grade 5 Titanium)
• Recommended Topology:    Schwarz Diamond (D)
• Clinical Rationale:
  🔍 [Local Biomechanical NLP]: Enforces high structural rigidity (0.12mm limit) using a Schwarz Diamond (D) lattice to withstand athletic load cycles and prevent fixation failure.
================================================================================


================================================================================
[AUDIT LOG] NLP DESIGN REQUEST & AGENT INTERPRETATION
Timestamp: 2026-08-26 14:58:21
Engine:    Local Biomechanical NLP
--------------------------------------------------------------------------------
USER INPUT PROMPT:
"22-year-old competitive skier with midshaft spiral femur fracture needing high torsional rigidity"

AGENT STRUCTURED TRANSLATION:
• Clinical Objective:      Rigid Fixation & High-Strength Stability
• Target Micro-Motion:     0.120 mm (120 µm)
• Upper Mass Limit:        70%
• Recommended Biomaterial: Ti-6Al-4V (Grade 5 Titanium)
• Recommended Topology:    Schwarz Diamond (D)
• Clinical Rationale:
  🔍 [Local Biomechanical NLP]: Enforces high structural rigidity (0.12mm limit) using a Schwarz Diamond (D) lattice to withstand athletic load cycles and prevent fixation failure.
================================================================================


================================================================================
[AUDIT LOG] NLP DESIGN REQUEST & AGENT INTERPRETATION
Timestamp: 2026-08-26 15:05:44
Engine:    Local Biomechanical NLP
--------------------------------------------------------------------------------
USER INPUT PROMPT:
"22-year-old competitive skier with midshaft spiral femur fracture needing high torsional rigidity"

AGENT STRUCTURED TRANSLATION:
• Clinical Objective:      Rigid Fixation & High-Strength Stability
• Target Micro-Motion:     0.120 mm (120 µm)
• Upper Mass Limit:        70%
• Recommended Biomaterial: Ti-6Al-4V (Grade 5 Titanium)
• Recommended Topology:    Schwarz Diamond (D)
• Clinical Rationale:
  🔍 [Local Biomechanical NLP]: Enforces high structural rigidity (0.12mm limit) using a Schwarz Diamond (D) lattice to withstand athletic load cycles and prevent fixation failure.
================================================================================


================================================================================
[AUDIT LOG] NLP DESIGN REQUEST & AGENT INTERPRETATION
Timestamp: 2026-08-26 15:10:07
Engine:    Local Biomechanical NLP
--------------------------------------------------------------------------------
USER INPUT PROMPT:
"22-year-old competitive skier with midshaft spiral femur fracture needing high torsional rigidity"

AGENT STRUCTURED TRANSLATION:
• Clinical Objective:      Rigid Fixation & High-Strength Stability
• Target Micro-Motion:     0.120 mm (120 µm)
• Upper Mass Limit:        70%
• Recommended Biomaterial: Ti-6Al-4V (Grade 5 Titanium)
• Recommended Topology:    Schwarz Diamond (D)
• Clinical Rationale:
  🔍 [Local Biomechanical NLP]: Enforces high structural rigidity (0.12mm limit) using a Schwarz Diamond (D) lattice to withstand athletic load cycles and prevent fixation failure.
================================================================================


================================================================================
[AUDIT LOG] NLP DESIGN REQUEST & AGENT INTERPRETATION
Timestamp: 2026-08-26 15:16:58
Engine:    Local Biomechanical NLP
--------------------------------------------------------------------------------
USER INPUT PROMPT:
"22-year-old competitive skier with midshaft spiral femur fracture needing high torsional rigidity"

AGENT STRUCTURED TRANSLATION:
• Clinical Objective:      Rigid Fixation & High-Strength Stability
• Target Micro-Motion:     0.120 mm (120 µm)
• Upper Mass Limit:        70%
• Recommended Biomaterial: Ti-6Al-4V (Grade 5 Titanium)
• Recommended Topology:    Schwarz Diamond (D)
• Clinical Rationale:
  🔍 [Local Biomechanical NLP]: Enforces high structural rigidity (0.12mm limit) using a Schwarz Diamond (D) lattice to withstand athletic load cycles and prevent fixation failure.
================================================================================


================================================================================
[AUDIT LOG] NLP DESIGN REQUEST & AGENT INTERPRETATION
Timestamp: 2026-08-26 15:21:22
Engine:    Local Biomechanical NLP
--------------------------------------------------------------------------------
USER INPUT PROMPT:
""

AGENT STRUCTURED TRANSLATION:
• Clinical Objective:      Callus Stimulation & Mass Minimization
• Target Micro-Motion:     0.200 mm (200 µm)
• Upper Mass Limit:        60%
• Recommended Biomaterial: Ti-6Al-4V (Grade 5 Titanium)
• Recommended Topology:    Schwarz Primitive (P)
• Clinical Rationale:
  🔍 [Local Biomechanical NLP]: Optimizes for the physiological secondary bone healing window (0.20mm micro-motion) using a permeable Schwarz Primitive (P) architecture while minimizing foreign implant mass.
================================================================================


================================================================================
[AUDIT LOG] NLP DESIGN REQUEST & AGENT INTERPRETATION
Timestamp: 2026-08-26 15:21:53
Engine:    Local Biomechanical NLP
--------------------------------------------------------------------------------
USER INPUT PROMPT:
"22-year-old competitive skier with midshaft spiral femur fracture needing high torsional rigidity"

AGENT STRUCTURED TRANSLATION:
• Clinical Objective:      Rigid Fixation & High-Strength Stability
• Target Micro-Motion:     0.120 mm (120 µm)
• Upper Mass Limit:        70%
• Recommended Biomaterial: Ti-6Al-4V (Grade 5 Titanium)
• Recommended Topology:    Schwarz Diamond (D)
• Clinical Rationale:
  🔍 [Local Biomechanical NLP]: Enforces high structural rigidity (0.12mm limit) using a Schwarz Diamond (D) lattice to withstand athletic load cycles and prevent fixation failure.
================================================================================


================================================================================
[AUDIT LOG] NLP DESIGN REQUEST & AGENT INTERPRETATION
Timestamp: 2026-08-26 15:27:07
Engine:    Local Biomechanical NLP
--------------------------------------------------------------------------------
USER INPUT PROMPT:
"22-year-old competitive skier with midshaft spiral femur fracture needing high torsional rigidity"

AGENT STRUCTURED TRANSLATION:
• Clinical Objective:      Rigid Fixation & High-Strength Stability
• Target Micro-Motion:     0.120 mm (120 µm)
• Upper Mass Limit:        70%
• Recommended Biomaterial: Ti-6Al-4V (Grade 5 Titanium)
• Recommended Topology:    Schwarz Diamond (D)
• Clinical Rationale:
  🔍 [Local Biomechanical NLP]: Enforces high structural rigidity (0.12mm limit) using a Schwarz Diamond (D) lattice to withstand athletic load cycles and prevent fixation failure.
================================================================================


================================================================================
[AUDIT LOG] NLP DESIGN REQUEST & AGENT INTERPRETATION
Timestamp: 2026-08-26 15:32:45
Engine:    Local Biomechanical NLP
--------------------------------------------------------------------------------
USER INPUT PROMPT:
"22-year-old competitive skier with midshaft spiral femur fracture needing high torsional rigidity"

AGENT STRUCTURED TRANSLATION:
• Clinical Objective:      Rigid Fixation & High-Strength Stability
• Target Micro-Motion:     0.120 mm (120 µm)
• Upper Mass Limit:        70%
• Recommended Biomaterial: Ti-6Al-4V (Grade 5 Titanium)
• Recommended Topology:    Schwarz Diamond (D)
• Clinical Rationale:
  🔍 [Local Biomechanical NLP]: Enforces high structural rigidity (0.12mm limit) using a Schwarz Diamond (D) lattice to withstand athletic load cycles and prevent fixation failure.
================================================================================


================================================================================
[AUDIT LOG] NLP DESIGN REQUEST & AGENT INTERPRETATION
Timestamp: 2026-08-26 16:52:49
Engine:    Local Biomechanical NLP
--------------------------------------------------------------------------------
USER INPUT PROMPT:
"I need a compliant Titanium plate that allows 0.2mm of micro-motion at the fracture site to stimulate callus formation, while keeping the implant as light as possible."

AGENT STRUCTURED TRANSLATION:
• Clinical Objective:      Callus Stimulation & Mass Minimization
• Target Micro-Motion:     0.200 mm (200 µm)
• Upper Mass Limit:        60%
• Recommended Biomaterial: Ti-6Al-4V (Grade 5 Titanium)
• Recommended Topology:    Schwarz Primitive (P)
• Clinical Rationale:
  🔍 [Local Biomechanical NLP]: Optimizes for the physiological secondary bone healing window (0.20mm micro-motion) using a permeable Schwarz Primitive (P) architecture while minimizing foreign implant mass.
================================================================================


================================================================================
[AUDIT LOG] NLP DESIGN REQUEST & AGENT INTERPRETATION
Timestamp: 2026-08-26 16:53:02
Engine:    Local Biomechanical NLP
--------------------------------------------------------------------------------
USER INPUT PROMPT:
"I need a rigid, high-strength Stainless Steel plate for a young athlete that restricts micro-motion to 0.12mm to ensure stable fixation."

AGENT STRUCTURED TRANSLATION:
• Clinical Objective:      Rigid Fixation & High-Strength Stability
• Target Micro-Motion:     0.120 mm (120 µm)
• Upper Mass Limit:        70%
• Recommended Biomaterial: 316L Stainless Steel
• Recommended Topology:    Schwarz Diamond (D)
• Clinical Rationale:
  🔍 [Local Biomechanical NLP]: Enforces high structural rigidity (0.12mm limit) using a Schwarz Diamond (D) lattice to withstand athletic load cycles and prevent fixation failure.
================================================================================


================================================================================
[AUDIT LOG] NLP DESIGN REQUEST & AGENT INTERPRETATION
Timestamp: 2026-08-26 16:53:02
Engine:    Local Biomechanical NLP
--------------------------------------------------------------------------------
USER INPUT PROMPT:
"I need a rigid, high-strength Stainless Steel plate for a young athlete that restricts micro-motion to 0.12mm to ensure stable fixation."

AGENT STRUCTURED TRANSLATION:
• Clinical Objective:      Rigid Fixation & High-Strength Stability
• Target Micro-Motion:     0.120 mm (120 µm)
• Upper Mass Limit:        70%
• Recommended Biomaterial: 316L Stainless Steel
• Recommended Topology:    Schwarz Diamond (D)
• Clinical Rationale:
  🔍 [Local Biomechanical NLP]: Enforces high structural rigidity (0.12mm limit) using a Schwarz Diamond (D) lattice to withstand athletic load cycles and prevent fixation failure.
================================================================================


================================================================================
[AUDIT LOG] NLP DESIGN REQUEST & AGENT INTERPRETATION
Timestamp: 2026-08-26 16:53:10
Engine:    Local Biomechanical NLP
--------------------------------------------------------------------------------
USER INPUT PROMPT:
"I need a rigid, high-strength Stainless Steel plate for a young athlete that restricts micro-motion to 0.12mm to ensure stable fixation."

AGENT STRUCTURED TRANSLATION:
• Clinical Objective:      Rigid Fixation & High-Strength Stability
• Target Micro-Motion:     0.120 mm (120 µm)
• Upper Mass Limit:        70%
• Recommended Biomaterial: 316L Stainless Steel
• Recommended Topology:    Schwarz Diamond (D)
• Clinical Rationale:
  🔍 [Local Biomechanical NLP]: Enforces high structural rigidity (0.12mm limit) using a Schwarz Diamond (D) lattice to withstand athletic load cycles and prevent fixation failure.
================================================================================


================================================================================
[AUDIT LOG] NLP DESIGN REQUEST & AGENT INTERPRETATION
Timestamp: 2026-08-26 16:54:36
Engine:    Local Biomechanical NLP
--------------------------------------------------------------------------------
USER INPUT PROMPT:
"I need a rigid, high-strength Stainless Steel plate for a young athlete that restricts micro-motion to 0.12mm to ensure stable fixation."

AGENT STRUCTURED TRANSLATION:
• Clinical Objective:      Rigid Fixation & High-Strength Stability
• Target Micro-Motion:     0.120 mm (120 µm)
• Upper Mass Limit:        70%
• Recommended Biomaterial: 316L Stainless Steel
• Recommended Topology:    Schwarz Diamond (D)
• Clinical Rationale:
  🔍 [Local Biomechanical NLP]: Enforces high structural rigidity (0.12mm limit) using a Schwarz Diamond (D) lattice to withstand athletic load cycles and prevent fixation failure.
================================================================================


================================================================================
[AUDIT LOG] NLP DESIGN REQUEST & AGENT INTERPRETATION
Timestamp: 2026-08-26 16:59:15
Engine:    Local Biomechanical NLP
--------------------------------------------------------------------------------
USER INPUT PROMPT:
"I need a compliant Titanium plate that allows 0.2mm of micro-motion at the fracture site to stimulate callus formation, while keeping the implant as light as possible."

AGENT STRUCTURED TRANSLATION:
• Clinical Objective:      Callus Stimulation & Mass Minimization
• Target Micro-Motion:     0.200 mm (200 µm)
• Upper Mass Limit:        60%
• Recommended Biomaterial: Ti-6Al-4V (Grade 5 Titanium)
• Recommended Topology:    Schwarz Primitive (P)
• Clinical Rationale:
  🔍 [Local Biomechanical NLP]: Optimizes for the physiological secondary bone healing window (0.20mm micro-motion) using a permeable Schwarz Primitive (P) architecture while minimizing foreign implant mass.
================================================================================


================================================================================
[AUDIT LOG] NLP DESIGN REQUEST & AGENT INTERPRETATION
Timestamp: 2026-08-26 17:07:59
Engine:    Local Biomechanical NLP
--------------------------------------------------------------------------------
USER INPUT PROMPT:
"I need a compliant Titanium plate that allows 0.2mm of micro-motion at the fracture site to stimulate callus formation, while keeping the implant as light as possible."

AGENT STRUCTURED TRANSLATION:
• Clinical Objective:      Callus Stimulation & Mass Minimization
• Target Micro-Motion:     0.200 mm (200 µm)
• Upper Mass Limit:        60%
• Recommended Biomaterial: Ti-6Al-4V (Grade 5 Titanium)
• Recommended Topology:    Schwarz Primitive (P)
• Clinical Rationale:
  🔍 [Local Biomechanical NLP]: Optimizes for the physiological secondary bone healing window (0.20mm micro-motion) using a permeable Schwarz Primitive (P) architecture while minimizing foreign implant mass.
================================================================================


================================================================================
[AUDIT LOG] NLP DESIGN REQUEST & AGENT INTERPRETATION
Timestamp: 2026-08-26 17:13:22
Engine:    Local Biomechanical NLP
--------------------------------------------------------------------------------
USER INPUT PROMPT:
"I need a compliant Titanium plate that allows 0.2mm of micro-motion at the fracture site to stimulate callus formation, while keeping the implant as light as possible."

AGENT STRUCTURED TRANSLATION:
• Clinical Objective:      Callus Stimulation & Mass Minimization
• Target Micro-Motion:     0.200 mm (200 µm)
• Upper Mass Limit:        60%
• Recommended Biomaterial: Ti-6Al-4V (Grade 5 Titanium)
• Recommended Topology:    Schwarz Primitive (P)
• Clinical Rationale:
  🔍 [Local Biomechanical NLP]: Optimizes for the physiological secondary bone healing window (0.20mm micro-motion) using a permeable Schwarz Primitive (P) architecture while minimizing foreign implant mass.
================================================================================


================================================================================
[AUDIT LOG] NLP DESIGN REQUEST & AGENT INTERPRETATION
Timestamp: 2026-08-26 17:14:03
Engine:    Local Biomechanical NLP
--------------------------------------------------------------------------------
USER INPUT PROMPT:
"I need a compliant Titanium plate that allows 0.2mm of micro-motion at the fracture site to stimulate callus formation, while keeping the implant as light as possible."

AGENT STRUCTURED TRANSLATION:
• Clinical Objective:      Callus Stimulation & Mass Minimization
• Target Micro-Motion:     0.200 mm (200 µm)
• Upper Mass Limit:        60%
• Recommended Biomaterial: Ti-6Al-4V (Grade 5 Titanium)
• Recommended Topology:    Schwarz Primitive (P)
• Clinical Rationale:
  🔍 [Local Biomechanical NLP]: Optimizes for the physiological secondary bone healing window (0.20mm micro-motion) using a permeable Schwarz Primitive (P) architecture while minimizing foreign implant mass.
================================================================================


================================================================================
[AUDIT LOG] NLP DESIGN REQUEST & AGENT INTERPRETATION
Timestamp: 2026-08-26 17:15:49
Engine:    Local Biomechanical NLP
--------------------------------------------------------------------------------
USER INPUT PROMPT:
""

AGENT STRUCTURED TRANSLATION:
• Clinical Objective:      Callus Stimulation & Mass Minimization
• Target Micro-Motion:     0.200 mm (200 µm)
• Upper Mass Limit:        60%
• Recommended Biomaterial: Ti-6Al-4V (Grade 5 Titanium)
• Recommended Topology:    Schwarz Primitive (P)
• Clinical Rationale:
  🔍 [Local Biomechanical NLP]: Optimizes for the physiological secondary bone healing window (0.20mm micro-motion) using a permeable Schwarz Primitive (P) architecture while minimizing foreign implant mass.
================================================================================


================================================================================
[AUDIT LOG] NLP DESIGN REQUEST & AGENT INTERPRETATION
Timestamp: 2026-08-26 17:17:29
Engine:    Local Biomechanical NLP
--------------------------------------------------------------------------------
USER INPUT PROMPT:
"I need a compliant Titanium plate that allows 0.2mm of micro-motion at the fracture site to stimulate callus formation, while keeping the implant as light as possible."

AGENT STRUCTURED TRANSLATION:
• Clinical Objective:      Callus Stimulation & Mass Minimization
• Target Micro-Motion:     0.200 mm (200 µm)
• Upper Mass Limit:        60%
• Recommended Biomaterial: Ti-6Al-4V (Grade 5 Titanium)
• Recommended Topology:    Schwarz Primitive (P)
• Clinical Rationale:
  🔍 [Local Biomechanical NLP]: Optimizes for the physiological secondary bone healing window (0.20mm micro-motion) using a permeable Schwarz Primitive (P) architecture while minimizing foreign implant mass.
================================================================================


================================================================================
[AUDIT LOG] NLP DESIGN REQUEST & AGENT INTERPRETATION
Timestamp: 2026-08-26 17:18:40
Engine:    Local Biomechanical NLP
--------------------------------------------------------------------------------
USER INPUT PROMPT:
"I need a compliant Titanium plate that allows 0.2mm of micro-motion at the fracture site to stimulate callus formation, while keeping the implant as light as possible."

AGENT STRUCTURED TRANSLATION:
• Clinical Objective:      Callus Stimulation & Mass Minimization
• Target Micro-Motion:     0.200 mm (200 µm)
• Upper Mass Limit:        60%
• Recommended Biomaterial: Ti-6Al-4V (Grade 5 Titanium)
• Recommended Topology:    Schwarz Primitive (P)
• Clinical Rationale:
  🔍 [Local Biomechanical NLP]: Optimizes for the physiological secondary bone healing window (0.20mm micro-motion) using a permeable Schwarz Primitive (P) architecture while minimizing foreign implant mass.
================================================================================


================================================================================
[AUDIT LOG] NLP DESIGN REQUEST & AGENT INTERPRETATION
Timestamp: 2026-08-26 17:51:40
Engine:    Local Biomechanical NLP
--------------------------------------------------------------------------------
USER INPUT PROMPT:
""

AGENT STRUCTURED TRANSLATION:
• Clinical Objective:      Callus Stimulation & Mass Minimization
• Target Micro-Motion:     0.200 mm (200 µm)
• Upper Mass Limit:        60%
• Recommended Biomaterial: Ti-6Al-4V (Grade 5 Titanium)
• Recommended Topology:    Schwarz Primitive (P)
• Clinical Rationale:
  🔍 [Local Biomechanical NLP]: Optimizes for the physiological secondary bone healing window (0.20mm micro-motion) using a permeable Schwarz Primitive (P) architecture while minimizing foreign implant mass.
================================================================================


================================================================================
[AUDIT LOG] NLP DESIGN REQUEST & AGENT INTERPRETATION
Timestamp: 2026-08-26 17:52:38
Engine:    Local Biomechanical NLP
--------------------------------------------------------------------------------
USER INPUT PROMPT:
""

AGENT STRUCTURED TRANSLATION:
• Clinical Objective:      Callus Stimulation & Mass Minimization
• Target Micro-Motion:     0.200 mm (200 µm)
• Upper Mass Limit:        60%
• Recommended Biomaterial: Ti-6Al-4V (Grade 5 Titanium)
• Recommended Topology:    Schwarz Primitive (P)
• Clinical Rationale:
  🔍 [Local Biomechanical NLP]: Optimizes for the physiological secondary bone healing window (0.20mm micro-motion) using a permeable Schwarz Primitive (P) architecture while minimizing foreign implant mass.
================================================================================


================================================================================
[AUDIT LOG] NLP DESIGN REQUEST & AGENT INTERPRETATION
Timestamp: 2026-08-26 17:54:18
Engine:    Local Biomechanical NLP
--------------------------------------------------------------------------------
USER INPUT PROMPT:
"I need a compliant Titanium plate that allows 0.2mm of micro-motion at the fracture site to stimulate callus formation, while keeping the implant as light as possible."

AGENT STRUCTURED TRANSLATION:
• Clinical Objective:      Callus Stimulation & Mass Minimization
• Target Micro-Motion:     0.200 mm (200 µm)
• Upper Mass Limit:        60%
• Recommended Biomaterial: Ti-6Al-4V (Grade 5 Titanium)
• Recommended Topology:    Schwarz Primitive (P)
• Clinical Rationale:
  🔍 [Local Biomechanical NLP]: Optimizes for the physiological secondary bone healing window (0.20mm micro-motion) using a permeable Schwarz Primitive (P) architecture while minimizing foreign implant mass.
================================================================================


================================================================================
[AUDIT LOG] COMPLETE BIOMECHANICAL OPTIMIZATION & IN-SILICO VERIFICATION RUN
Timestamp:        2026-08-26 17:55:52
Simulation Mode:  Clinical Grade (TET10 Refined · Quadratic 10-node)
Material:         Ti-6Al-4V ELI (Grade 5) (Ti64, E=110.0 GPa)
--------------------------------------------------------------------------------
1. USER REQUEST & CLINICAL TARGET:
   • Prompt:        "I need a compliant Titanium plate that allows 0.2mm of micro-motion at the fracture site to stimulate callus formation, while keeping the implant as light as possible."
   • Objective:     Callus Stimulation & Mass Minimization
   • Target Motion: 0.20 mm

2. ADJOINT OPTIMIZATION METRICS:
   • Steps to Convergence: 0
   • Objective Loss:       1.0000 -> 0.1000
   • Final TPMS Values:    tau_prox=0.350, tau_bridge=0.450, tau_dist=0.550
   • Achieved Porosity:    0.0%

3. BIOMECHANICAL OUTCOME:
   • Baseline Solid Mass:  64.0 g
   • Optimized TPMS Mass:  64.0 g (-0.0% Reduction)
   • Achieved Micro-Motion:0.000 mm (Target: 0.20 mm)

4. IN-SILICO CLINICAL VERIFICATION (ASTM F382 / ISO 7206):
   • Overall Verdict:      CONDITIONALLY APPROVED (MONITOR LOAD CASE) (75%)
  • [FAIL] Micro-Motion Target Verification Measured: 0.000 mm                  Criteria: 0.20 mm ± 20%
  • [PASS] Stress Shielding Mitigation      Measured: 60.0% preserved           Criteria: ≥ 55.0% load transfer
  • [PASS] Static Bending Yield Safety      Measured: 17.93x (Peak σ: 49 MPa)   Criteria: S_f ≥ 1.50 (Yield: 880 MPa)
  • [PASS] Cyclic Fatigue Endurance         Measured: 11.60x                    Criteria: ≥ 1.20x Endurance Margin

================================================================================


================================================================================
[AUDIT LOG] NLP DESIGN REQUEST & AGENT INTERPRETATION
Timestamp: 2026-08-26 18:04:42
Engine:    Local Biomechanical NLP
--------------------------------------------------------------------------------
USER INPUT PROMPT:
"I need a compliant Titanium plate that allows 0.2mm of micro-motion at the fracture site to stimulate callus formation, while keeping the implant as light as possible."

AGENT STRUCTURED TRANSLATION:
• Clinical Objective:      Callus Stimulation & Mass Minimization
• Target Micro-Motion:     0.200 mm (200 µm)
• Upper Mass Limit:        60%
• Recommended Biomaterial: Ti-6Al-4V (Grade 5 Titanium)
• Recommended Topology:    Schwarz Primitive (P)
• Clinical Rationale:
  🔍 [Local Biomechanical NLP]: Optimizes for the physiological secondary bone healing window (0.20mm micro-motion) using a permeable Schwarz Primitive (P) architecture while minimizing foreign implant mass.
================================================================================


================================================================================
[AUDIT LOG] NLP DESIGN REQUEST & AGENT INTERPRETATION
Timestamp: 2026-08-26 18:17:37
Engine:    Local Biomechanical NLP
--------------------------------------------------------------------------------
USER INPUT PROMPT:
"I need a compliant Titanium plate that allows 0.2mm of micro-motion at the fracture site to stimulate callus formation, while keeping the implant as light as possible."

AGENT STRUCTURED TRANSLATION:
• Clinical Objective:      Callus Stimulation & Mass Minimization
• Target Micro-Motion:     0.200 mm (200 µm)
• Upper Mass Limit:        60%
• Recommended Biomaterial: Ti-6Al-4V (Grade 5 Titanium)
• Recommended Topology:    Schwarz Primitive (P)
• Clinical Rationale:
  🔍 [Local Biomechanical NLP]: Optimizes for the physiological secondary bone healing window (0.20mm micro-motion) using a permeable Schwarz Primitive (P) architecture while minimizing foreign implant mass.
================================================================================


================================================================================
[AUDIT LOG] NLP DESIGN REQUEST & AGENT INTERPRETATION
Timestamp: 2026-08-26 18:28:41
Engine:    Local Biomechanical NLP
--------------------------------------------------------------------------------
USER INPUT PROMPT:
"I need a compliant Titanium plate that allows 0.2mm of micro-motion at the fracture site to stimulate callus formation, while keeping the implant as light as possible."

AGENT STRUCTURED TRANSLATION:
• Clinical Objective:      Callus Stimulation & Mass Minimization
• Target Micro-Motion:     0.200 mm (200 µm)
• Upper Mass Limit:        60%
• Recommended Biomaterial: Ti-6Al-4V (Grade 5 Titanium)
• Recommended Topology:    Schwarz Primitive (P)
• Clinical Rationale:
  🔍 [Local Biomechanical NLP]: Optimizes for the physiological secondary bone healing window (0.20mm micro-motion) using a permeable Schwarz Primitive (P) architecture while minimizing foreign implant mass.
================================================================================


================================================================================
[AUDIT LOG] COMPLETE BIOMECHANICAL OPTIMIZATION & IN-SILICO VERIFICATION RUN
Timestamp:        2026-08-26 18:32:20
Simulation Mode:  Clinical Grade (TET10 Refined · Quadratic 10-node)
Material:         Ti-6Al-4V ELI (Grade 5) (Ti64, E=110.0 GPa)
--------------------------------------------------------------------------------
1. USER REQUEST & CLINICAL TARGET:
   • Prompt:        "I need a compliant Titanium plate that allows 0.2mm of micro-motion at the fracture site to stimulate callus formation, while keeping the implant as light as possible."
   • Objective:     Callus Stimulation & Mass Minimization
   • Target Motion: 0.20 mm

2. ADJOINT OPTIMIZATION METRICS:
   • Steps to Convergence: 4
   • Objective Loss:       180.7355 -> 157.6515
   • Final TPMS Values:    tau_prox=0.240, tau_bridge=0.547, tau_dist=0.535
   • Achieved Porosity:    48.3%

3. BIOMECHANICAL OUTCOME:
   • Baseline Solid Mass:  64.0 g
   • Optimized TPMS Mass:  37.7 g (-41.1% Reduction)
   • Achieved Micro-Motion:0.169 mm (Target: 0.20 mm)

4. IN-SILICO CLINICAL VERIFICATION (ASTM F382 / ISO 7206):
   • Overall Verdict:      CLINICALLY APPROVED (ALL CRITERIA VERIFIED) (100%)
  • [PASS] Micro-Motion Target Verification Measured: 0.169 mm                  Criteria: 0.20 mm ± 20%
  • [PASS] Stress Shielding Mitigation      Measured: 89.3% preserved           Criteria: ≥ 55.0% load transfer
  • [PASS] Static Bending Yield Safety      Measured: 4.76x (Peak σ: 185 MPa)   Criteria: S_f ≥ 1.50 (Yield: 880 MPa)
  • [PASS] Cyclic Fatigue Endurance         Measured: 3.08x                     Criteria: ≥ 1.20x Endurance Margin

================================================================================


================================================================================
[AUDIT LOG] COMPLETE BIOMECHANICAL OPTIMIZATION & IN-SILICO VERIFICATION RUN
Timestamp:        2026-08-26 18:33:09
Simulation Mode:  Clinical Grade (TET10 Refined · Quadratic 10-node)
Material:         Ti-6Al-4V ELI (Grade 5) (Ti64, E=110.0 GPa)
--------------------------------------------------------------------------------
1. USER REQUEST & CLINICAL TARGET:
   • Prompt:        "I need a compliant Titanium plate that allows 0.2mm of micro-motion at the fracture site to stimulate callus formation, while keeping the implant as light as possible."
   • Objective:     Callus Stimulation & Mass Minimization
   • Target Motion: 0.20 mm

2. ADJOINT OPTIMIZATION METRICS:
   • Steps to Convergence: 4
   • Objective Loss:       180.7355 -> 157.6515
   • Final TPMS Values:    tau_prox=0.240, tau_bridge=0.547, tau_dist=0.535
   • Achieved Porosity:    48.3%

3. BIOMECHANICAL OUTCOME:
   • Baseline Solid Mass:  64.0 g
   • Optimized TPMS Mass:  37.7 g (-41.1% Reduction)
   • Achieved Micro-Motion:0.169 mm (Target: 0.20 mm)

4. IN-SILICO CLINICAL VERIFICATION (ASTM F382 / ISO 7206):
   • Overall Verdict:      CLINICALLY APPROVED (ALL CRITERIA VERIFIED) (100%)
  • [PASS] Micro-Motion Target Verification Measured: 0.169 mm                  Criteria: 0.20 mm ± 20%
  • [PASS] Stress Shielding Mitigation      Measured: 89.3% preserved           Criteria: ≥ 55.0% load transfer
  • [PASS] Static Bending Yield Safety      Measured: 4.76x (Peak σ: 185 MPa)   Criteria: S_f ≥ 1.50 (Yield: 880 MPa)
  • [PASS] Cyclic Fatigue Endurance         Measured: 3.08x                     Criteria: ≥ 1.20x Endurance Margin

================================================================================


================================================================================
[AUDIT LOG] NLP DESIGN REQUEST & AGENT INTERPRETATION
Timestamp: 2026-08-26 18:34:54
Engine:    Local Biomechanical NLP
--------------------------------------------------------------------------------
USER INPUT PROMPT:
"I need a rigid, high-strength Stainless Steel plate for a young athlete that restricts micro-motion to 0.12mm to ensure stable fixation."

AGENT STRUCTURED TRANSLATION:
• Clinical Objective:      Rigid Fixation & High-Strength Stability
• Target Micro-Motion:     0.120 mm (120 µm)
• Upper Mass Limit:        70%
• Recommended Biomaterial: 316L Stainless Steel
• Recommended Topology:    Schwarz Diamond (D)
• Clinical Rationale:
  🔍 [Local Biomechanical NLP]: Enforces high structural rigidity (0.12mm limit) using a Schwarz Diamond (D) lattice to withstand athletic load cycles and prevent fixation failure.
================================================================================


================================================================================
[AUDIT LOG] NLP DESIGN REQUEST & AGENT INTERPRETATION
Timestamp: 2026-08-26 18:34:54
Engine:    Local Biomechanical NLP
--------------------------------------------------------------------------------
USER INPUT PROMPT:
"I need a rigid, high-strength Stainless Steel plate for a young athlete that restricts micro-motion to 0.12mm to ensure stable fixation."

AGENT STRUCTURED TRANSLATION:
• Clinical Objective:      Rigid Fixation & High-Strength Stability
• Target Micro-Motion:     0.120 mm (120 µm)
• Upper Mass Limit:        70%
• Recommended Biomaterial: 316L Stainless Steel
• Recommended Topology:    Schwarz Diamond (D)
• Clinical Rationale:
  🔍 [Local Biomechanical NLP]: Enforces high structural rigidity (0.12mm limit) using a Schwarz Diamond (D) lattice to withstand athletic load cycles and prevent fixation failure.
================================================================================


================================================================================
[AUDIT LOG] COMPLETE BIOMECHANICAL OPTIMIZATION & IN-SILICO VERIFICATION RUN
Timestamp:        2026-08-26 18:34:58
Simulation Mode:  Clinical Grade (TET10 Refined · Quadratic 10-node)
Material:         Medical Grade 316L Stainless Steel (SS316L, E=193.0 GPa)
--------------------------------------------------------------------------------
1. USER REQUEST & CLINICAL TARGET:
   • Prompt:        "I need a rigid, high-strength Stainless Steel plate for a young athlete that restricts micro-motion to 0.12mm to ensure stable fixation."
   • Objective:     Rigid Fixation & High-Strength Stability
   • Target Motion: 0.20 mm

2. ADJOINT OPTIMIZATION METRICS:
   • Steps to Convergence: 4
   • Objective Loss:       180.7355 -> 157.6515
   • Final TPMS Values:    tau_prox=0.240, tau_bridge=0.547, tau_dist=0.535
   • Achieved Porosity:    48.3%

3. BIOMECHANICAL OUTCOME:
   • Baseline Solid Mass:  115.6 g
   • Optimized TPMS Mass:  68.1 g (-41.1% Reduction)
   • Achieved Micro-Motion:0.169 mm (Target: 0.20 mm)

4. IN-SILICO CLINICAL VERIFICATION (ASTM F382 / ISO 7206):
   • Overall Verdict:      REVISION REQUIRED (ADJUST PARAMETERS) (50%)
  • [PASS] Micro-Motion Target Verification Measured: 0.169 mm                  Criteria: 0.20 mm ± 20%
  • [PASS] Stress Shielding Mitigation      Measured: 81.3% preserved           Criteria: ≥ 55.0% load transfer
  • [FAIL] Static Bending Yield Safety      Measured: 1.19x (Peak σ: 185 MPa)   Criteria: S_f ≥ 1.50 (Yield: 220 MPa)
  • [FAIL] Cyclic Fatigue Endurance         Measured: 0.77x                     Criteria: ≥ 1.20x Endurance Margin

================================================================================


================================================================================
[AUDIT LOG] NLP DESIGN REQUEST & AGENT INTERPRETATION
Timestamp: 2026-08-26 18:34:59
Engine:    Local Biomechanical NLP
--------------------------------------------------------------------------------
USER INPUT PROMPT:
"I need a highly porous Titanium plate for an elderly osteoporotic patient that allows 0.30mm of micro-motion, minimizing stress shielding and maximizing porosity."

AGENT STRUCTURED TRANSLATION:
• Clinical Objective:      Osteoporotic Compliance & Porosity Maximization
• Target Micro-Motion:     0.300 mm (300 µm)
• Upper Mass Limit:        50%
• Recommended Biomaterial: Ti-6Al-4V (Grade 5 Titanium)
• Recommended Topology:    Schwarz Primitive (P)
• Clinical Rationale:
  🔍 [Local Biomechanical NLP]: Targets elevated micro-motion (0.30mm) with a high-permeability Schwarz Primitive (P) architecture to match low bone mineral density and eliminate cortical resorption.
================================================================================


================================================================================
[AUDIT LOG] NLP DESIGN REQUEST & AGENT INTERPRETATION
Timestamp: 2026-08-26 18:34:59
Engine:    Local Biomechanical NLP
--------------------------------------------------------------------------------
USER INPUT PROMPT:
"I need a highly porous Titanium plate for an elderly osteoporotic patient that allows 0.30mm of micro-motion, minimizing stress shielding and maximizing porosity."

AGENT STRUCTURED TRANSLATION:
• Clinical Objective:      Osteoporotic Compliance & Porosity Maximization
• Target Micro-Motion:     0.300 mm (300 µm)
• Upper Mass Limit:        50%
• Recommended Biomaterial: Ti-6Al-4V (Grade 5 Titanium)
• Recommended Topology:    Schwarz Primitive (P)
• Clinical Rationale:
  🔍 [Local Biomechanical NLP]: Targets elevated micro-motion (0.30mm) with a high-permeability Schwarz Primitive (P) architecture to match low bone mineral density and eliminate cortical resorption.
================================================================================


================================================================================
[AUDIT LOG] NLP DESIGN REQUEST & AGENT INTERPRETATION
Timestamp: 2026-08-26 18:35:02
Engine:    Local Biomechanical NLP
--------------------------------------------------------------------------------
USER INPUT PROMPT:
"I need a highly porous Titanium plate for an elderly osteoporotic patient that allows 0.30mm of micro-motion, minimizing stress shielding and maximizing porosity."

AGENT STRUCTURED TRANSLATION:
• Clinical Objective:      Osteoporotic Compliance & Porosity Maximization
• Target Micro-Motion:     0.300 mm (300 µm)
• Upper Mass Limit:        50%
• Recommended Biomaterial: Ti-6Al-4V (Grade 5 Titanium)
• Recommended Topology:    Schwarz Primitive (P)
• Clinical Rationale:
  🔍 [Local Biomechanical NLP]: Targets elevated micro-motion (0.30mm) with a high-permeability Schwarz Primitive (P) architecture to match low bone mineral density and eliminate cortical resorption.
================================================================================


================================================================================
[AUDIT LOG] NLP DESIGN REQUEST & AGENT INTERPRETATION
Timestamp: 2026-08-26 18:35:04
Engine:    Local Biomechanical NLP
--------------------------------------------------------------------------------
USER INPUT PROMPT:
"I need a highly porous Titanium plate for an elderly osteoporotic patient that allows 0.30mm of micro-motion, minimizing stress shielding and maximizing porosity."

AGENT STRUCTURED TRANSLATION:
• Clinical Objective:      Osteoporotic Compliance & Porosity Maximization
• Target Micro-Motion:     0.300 mm (300 µm)
• Upper Mass Limit:        50%
• Recommended Biomaterial: Ti-6Al-4V (Grade 5 Titanium)
• Recommended Topology:    Schwarz Primitive (P)
• Clinical Rationale:
  🔍 [Local Biomechanical NLP]: Targets elevated micro-motion (0.30mm) with a high-permeability Schwarz Primitive (P) architecture to match low bone mineral density and eliminate cortical resorption.
================================================================================


================================================================================
[AUDIT LOG] COMPLETE BIOMECHANICAL OPTIMIZATION & IN-SILICO VERIFICATION RUN
Timestamp:        2026-08-26 18:35:06
Simulation Mode:  Clinical Grade (TET10 Refined · Quadratic 10-node)
Material:         Ti-6Al-4V ELI (Grade 5) (Ti64, E=110.0 GPa)
--------------------------------------------------------------------------------
1. USER REQUEST & CLINICAL TARGET:
   • Prompt:        "I need a highly porous Titanium plate for an elderly osteoporotic patient that allows 0.30mm of micro-motion, minimizing stress shielding and maximizing porosity."
   • Objective:     Osteoporotic Compliance & Porosity Maximization
   • Target Motion: 0.20 mm

2. ADJOINT OPTIMIZATION METRICS:
   • Steps to Convergence: 4
   • Objective Loss:       180.7355 -> 157.6515
   • Final TPMS Values:    tau_prox=0.240, tau_bridge=0.547, tau_dist=0.535
   • Achieved Porosity:    48.3%

3. BIOMECHANICAL OUTCOME:
   • Baseline Solid Mass:  64.0 g
   • Optimized TPMS Mass:  37.7 g (-41.1% Reduction)
   • Achieved Micro-Motion:0.169 mm (Target: 0.20 mm)

4. IN-SILICO CLINICAL VERIFICATION (ASTM F382 / ISO 7206):
   • Overall Verdict:      CLINICALLY APPROVED (ALL CRITERIA VERIFIED) (100%)
  • [PASS] Micro-Motion Target Verification Measured: 0.169 mm                  Criteria: 0.20 mm ± 20%
  • [PASS] Stress Shielding Mitigation      Measured: 89.3% preserved           Criteria: ≥ 55.0% load transfer
  • [PASS] Static Bending Yield Safety      Measured: 4.76x (Peak σ: 185 MPa)   Criteria: S_f ≥ 1.50 (Yield: 880 MPa)
  • [PASS] Cyclic Fatigue Endurance         Measured: 3.08x                     Criteria: ≥ 1.20x Endurance Margin

================================================================================


================================================================================
[AUDIT LOG] NLP DESIGN REQUEST & AGENT INTERPRETATION
Timestamp: 2026-08-26 18:35:48
Engine:    Local Biomechanical NLP
--------------------------------------------------------------------------------
USER INPUT PROMPT:
"I need an affordable, cost-effective 316L Stainless Steel plate that maintains 0.18mm micro-motion with high ductility."

AGENT STRUCTURED TRANSLATION:
• Clinical Objective:      Cost-Effective Secondary Bone Fixation
• Target Micro-Motion:     0.180 mm (180 µm)
• Upper Mass Limit:        65%
• Recommended Biomaterial: 316L Stainless Steel
• Recommended Topology:    Schwarz Primitive (P)
• Clinical Rationale:
  🔍 [Local Biomechanical NLP]: Selects medical-grade stainless steel with a Schwarz Primitive (P) lattice to optimize manufacturing costs while maintaining physiological micro-motion (0.18mm).
================================================================================


================================================================================
[AUDIT LOG] NLP DESIGN REQUEST & AGENT INTERPRETATION
Timestamp: 2026-08-26 18:35:48
Engine:    Local Biomechanical NLP
--------------------------------------------------------------------------------
USER INPUT PROMPT:
"I need an affordable, cost-effective 316L Stainless Steel plate that maintains 0.18mm micro-motion with high ductility."

AGENT STRUCTURED TRANSLATION:
• Clinical Objective:      Cost-Effective Secondary Bone Fixation
• Target Micro-Motion:     0.180 mm (180 µm)
• Upper Mass Limit:        65%
• Recommended Biomaterial: 316L Stainless Steel
• Recommended Topology:    Schwarz Primitive (P)
• Clinical Rationale:
  🔍 [Local Biomechanical NLP]: Selects medical-grade stainless steel with a Schwarz Primitive (P) lattice to optimize manufacturing costs while maintaining physiological micro-motion (0.18mm).
================================================================================


================================================================================
[AUDIT LOG] COMPLETE BIOMECHANICAL OPTIMIZATION & IN-SILICO VERIFICATION RUN
Timestamp:        2026-08-26 18:35:50
Simulation Mode:  Clinical Grade (TET10 Refined · Quadratic 10-node)
Material:         Medical Grade 316L Stainless Steel (SS316L, E=193.0 GPa)
--------------------------------------------------------------------------------
1. USER REQUEST & CLINICAL TARGET:
   • Prompt:        "I need an affordable, cost-effective 316L Stainless Steel plate that maintains 0.18mm micro-motion with high ductility."
   • Objective:     Cost-Effective Secondary Bone Fixation
   • Target Motion: 0.20 mm

2. ADJOINT OPTIMIZATION METRICS:
   • Steps to Convergence: 4
   • Objective Loss:       180.7355 -> 157.6515
   • Final TPMS Values:    tau_prox=0.240, tau_bridge=0.547, tau_dist=0.535
   • Achieved Porosity:    48.3%

3. BIOMECHANICAL OUTCOME:
   • Baseline Solid Mass:  115.6 g
   • Optimized TPMS Mass:  68.1 g (-41.1% Reduction)
   • Achieved Micro-Motion:0.169 mm (Target: 0.20 mm)

4. IN-SILICO CLINICAL VERIFICATION (ASTM F382 / ISO 7206):
   • Overall Verdict:      REVISION REQUIRED (ADJUST PARAMETERS) (50%)
  • [PASS] Micro-Motion Target Verification Measured: 0.169 mm                  Criteria: 0.20 mm ± 20%
  • [PASS] Stress Shielding Mitigation      Measured: 81.3% preserved           Criteria: ≥ 55.0% load transfer
  • [FAIL] Static Bending Yield Safety      Measured: 1.19x (Peak σ: 185 MPa)   Criteria: S_f ≥ 1.50 (Yield: 220 MPa)
  • [FAIL] Cyclic Fatigue Endurance         Measured: 0.77x                     Criteria: ≥ 1.20x Endurance Margin

================================================================================


================================================================================
[AUDIT LOG] NLP DESIGN REQUEST & AGENT INTERPRETATION
Timestamp: 2026-08-26 18:36:03
Engine:    Local Biomechanical NLP
--------------------------------------------------------------------------------
USER INPUT PROMPT:
"I need an affordable, cost-effective 316L Stainless Steel plate that maintains 0.18mm micro-motion with high ductility."

AGENT STRUCTURED TRANSLATION:
• Clinical Objective:      Cost-Effective Secondary Bone Fixation
• Target Micro-Motion:     0.180 mm (180 µm)
• Upper Mass Limit:        65%
• Recommended Biomaterial: 316L Stainless Steel
• Recommended Topology:    Schwarz Primitive (P)
• Clinical Rationale:
  🔍 [Local Biomechanical NLP]: Selects medical-grade stainless steel with a Schwarz Primitive (P) lattice to optimize manufacturing costs while maintaining physiological micro-motion (0.18mm).
================================================================================


================================================================================
[AUDIT LOG] COMPLETE BIOMECHANICAL OPTIMIZATION & IN-SILICO VERIFICATION RUN
Timestamp:        2026-08-26 18:36:05
Simulation Mode:  Clinical Grade (TET10 Refined · Quadratic 10-node)
Material:         Medical Grade 316L Stainless Steel (SS316L, E=193.0 GPa)
--------------------------------------------------------------------------------
1. USER REQUEST & CLINICAL TARGET:
   • Prompt:        "I need an affordable, cost-effective 316L Stainless Steel plate that maintains 0.18mm micro-motion with high ductility."
   • Objective:     Cost-Effective Secondary Bone Fixation
   • Target Motion: 0.20 mm

2. ADJOINT OPTIMIZATION METRICS:
   • Steps to Convergence: 4
   • Objective Loss:       180.7355 -> 157.6515
   • Final TPMS Values:    tau_prox=0.240, tau_bridge=0.547, tau_dist=0.535
   • Achieved Porosity:    48.3%

3. BIOMECHANICAL OUTCOME:
   • Baseline Solid Mass:  115.6 g
   • Optimized TPMS Mass:  68.1 g (-41.1% Reduction)
   • Achieved Micro-Motion:0.169 mm (Target: 0.20 mm)

4. IN-SILICO CLINICAL VERIFICATION (ASTM F382 / ISO 7206):
   • Overall Verdict:      REVISION REQUIRED (ADJUST PARAMETERS) (50%)
  • [PASS] Micro-Motion Target Verification Measured: 0.169 mm                  Criteria: 0.20 mm ± 20%
  • [PASS] Stress Shielding Mitigation      Measured: 81.3% preserved           Criteria: ≥ 55.0% load transfer
  • [FAIL] Static Bending Yield Safety      Measured: 1.19x (Peak σ: 185 MPa)   Criteria: S_f ≥ 1.50 (Yield: 220 MPa)
  • [FAIL] Cyclic Fatigue Endurance         Measured: 0.77x                     Criteria: ≥ 1.20x Endurance Margin

================================================================================


================================================================================
[AUDIT LOG] NLP DESIGN REQUEST & AGENT INTERPRETATION
Timestamp: 2026-08-26 18:36:12
Engine:    Local Biomechanical NLP
--------------------------------------------------------------------------------
USER INPUT PROMPT:
"I need an affordable, cost-effective 316L Stainless Steel plate that maintains 0.18mm micro-motion with high ductility."

AGENT STRUCTURED TRANSLATION:
• Clinical Objective:      Cost-Effective Secondary Bone Fixation
• Target Micro-Motion:     0.180 mm (180 µm)
• Upper Mass Limit:        65%
• Recommended Biomaterial: 316L Stainless Steel
• Recommended Topology:    Schwarz Primitive (P)
• Clinical Rationale:
  🔍 [Local Biomechanical NLP]: Selects medical-grade stainless steel with a Schwarz Primitive (P) lattice to optimize manufacturing costs while maintaining physiological micro-motion (0.18mm).
================================================================================


================================================================================
[AUDIT LOG] COMPLETE BIOMECHANICAL OPTIMIZATION & IN-SILICO VERIFICATION RUN
Timestamp:        2026-08-26 18:41:13
Simulation Mode:  Clinical Grade (TET10 Refined · Quadratic 10-node)
Material:         Medical Grade 316L Stainless Steel (SS316L, E=193.0 GPa)
--------------------------------------------------------------------------------
1. USER REQUEST & CLINICAL TARGET:
   • Prompt:        "I need an affordable, cost-effective 316L Stainless Steel plate that maintains 0.18mm micro-motion with high ductility."
   • Objective:     Cost-Effective Secondary Bone Fixation
   • Target Motion: 0.18 mm

2. ADJOINT OPTIMIZATION METRICS:
   • Steps to Convergence: 4
   • Objective Loss:       154.9246 -> 138.0521
   • Final TPMS Values:    tau_prox=0.240, tau_bridge=0.480, tau_dist=0.477
   • Achieved Porosity:    47.7%

3. BIOMECHANICAL OUTCOME:
   • Baseline Solid Mass:  115.6 g
   • Optimized TPMS Mass:  68.7 g (-40.5% Reduction)
   • Achieved Micro-Motion:0.166 mm (Target: 0.18 mm)

4. IN-SILICO CLINICAL VERIFICATION (ASTM F382 / ISO 7206):
   • Overall Verdict:      REVISION REQUIRED (ADJUST PARAMETERS) (50%)
  • [PASS] Micro-Motion Target Verification Measured: 0.166 mm                  Criteria: 0.18 mm ± 20%
  • [PASS] Stress Shielding Mitigation      Measured: 80.8% preserved           Criteria: ≥ 55.0% load transfer
  • [FAIL] Static Bending Yield Safety      Measured: 1.21x (Peak σ: 181 MPa)   Criteria: S_f ≥ 1.50 (Yield: 220 MPa)
  • [FAIL] Cyclic Fatigue Endurance         Measured: 0.79x                     Criteria: ≥ 1.20x Endurance Margin

================================================================================


================================================================================
[AUDIT LOG] NLP DESIGN REQUEST & AGENT INTERPRETATION
Timestamp: 2026-08-26 18:44:58
Engine:    Local Biomechanical NLP
--------------------------------------------------------------------------------
USER INPUT PROMPT:
"I need an affordable, cost-effective 316L Stainless Steel plate that maintains 0.18mm micro-motion with high ductility."

AGENT STRUCTURED TRANSLATION:
• Clinical Objective:      Cost-Effective Secondary Bone Fixation
• Target Micro-Motion:     0.180 mm (180 µm)
• Upper Mass Limit:        65%
• Recommended Biomaterial: 316L Stainless Steel
• Recommended Topology:    Schwarz Primitive (P)
• Clinical Rationale:
  🔍 [Local Biomechanical NLP]: Selects medical-grade stainless steel with a Schwarz Primitive (P) lattice to optimize manufacturing costs while maintaining physiological micro-motion (0.18mm).
================================================================================


================================================================================
[AUDIT LOG] NLP DESIGN REQUEST & AGENT INTERPRETATION
Timestamp: 2026-08-26 18:49:41
Engine:    Local Biomechanical NLP
--------------------------------------------------------------------------------
USER INPUT PROMPT:
"I need a compliant Titanium plate that allows 0.2mm of micro-motion at the fracture site to stimulate callus formation, while keeping the implant as light as possible."

AGENT STRUCTURED TRANSLATION:
• Clinical Objective:      Callus Stimulation & Mass Minimization
• Target Micro-Motion:     0.200 mm (200 µm)
• Upper Mass Limit:        60%
• Recommended Biomaterial: Ti-6Al-4V (Grade 5 Titanium)
• Recommended Topology:    Schwarz Primitive (P)
• Clinical Rationale:
  🔍 [Local Biomechanical NLP]: Optimizes for the physiological secondary bone healing window (0.20mm micro-motion) using a permeable Schwarz Primitive (P) architecture while minimizing foreign implant mass.
================================================================================


================================================================================
[AUDIT LOG] NLP DESIGN REQUEST & AGENT INTERPRETATION
Timestamp: 2026-08-26 18:50:46
Engine:    Local Biomechanical NLP
--------------------------------------------------------------------------------
USER INPUT PROMPT:
"I need a compliant Titanium plate that allows 0.2mm of micro-motion at the fracture site to stimulate callus formation, while keeping the implant as light as possible."

AGENT STRUCTURED TRANSLATION:
• Clinical Objective:      Callus Stimulation & Mass Minimization
• Target Micro-Motion:     0.200 mm (200 µm)
• Upper Mass Limit:        60%
• Recommended Biomaterial: Ti-6Al-4V (Grade 5 Titanium)
• Recommended Topology:    Schwarz Primitive (P)
• Clinical Rationale:
  🔍 [Local Biomechanical NLP]: Optimizes for the physiological secondary bone healing window (0.20mm micro-motion) using a permeable Schwarz Primitive (P) architecture while minimizing foreign implant mass.
================================================================================


================================================================================
[AUDIT LOG] NLP DESIGN REQUEST & AGENT INTERPRETATION
Timestamp: 2026-08-26 18:53:41
Engine:    Local Biomechanical NLP
--------------------------------------------------------------------------------
USER INPUT PROMPT:
"I need a compliant Titanium plate that allows 0.2mm of micro-motion at the fracture site to stimulate callus formation, while keeping the implant as light as possible."

AGENT STRUCTURED TRANSLATION:
• Clinical Objective:      Callus Stimulation & Mass Minimization
• Target Micro-Motion:     0.200 mm (200 µm)
• Upper Mass Limit:        60%
• Recommended Biomaterial: Ti-6Al-4V (Grade 5 Titanium)
• Recommended Topology:    Schwarz Primitive (P)
• Clinical Rationale:
  🔍 [Local Biomechanical NLP]: Optimizes for the physiological secondary bone healing window (0.20mm micro-motion) using a permeable Schwarz Primitive (P) architecture while minimizing foreign implant mass.
================================================================================


================================================================================
[AUDIT LOG] NLP DESIGN REQUEST & AGENT INTERPRETATION
Timestamp: 2026-08-26 18:53:52
Engine:    Local Biomechanical NLP
--------------------------------------------------------------------------------
USER INPUT PROMPT:
"I need an affordable, cost-effective 316L Stainless Steel plate that maintains 0.18mm micro-motion with high ductility."

AGENT STRUCTURED TRANSLATION:
• Clinical Objective:      Cost-Effective Secondary Bone Fixation
• Target Micro-Motion:     0.180 mm (180 µm)
• Upper Mass Limit:        65%
• Recommended Biomaterial: 316L Stainless Steel
• Recommended Topology:    Schwarz Primitive (P)
• Clinical Rationale:
  🔍 [Local Biomechanical NLP]: Selects medical-grade stainless steel with a Schwarz Primitive (P) lattice to optimize manufacturing costs while maintaining physiological micro-motion (0.18mm).
================================================================================


================================================================================
[AUDIT LOG] NLP DESIGN REQUEST & AGENT INTERPRETATION
Timestamp: 2026-08-26 18:53:52
Engine:    Local Biomechanical NLP
--------------------------------------------------------------------------------
USER INPUT PROMPT:
"I need an affordable, cost-effective 316L Stainless Steel plate that maintains 0.18mm micro-motion with high ductility."

AGENT STRUCTURED TRANSLATION:
• Clinical Objective:      Cost-Effective Secondary Bone Fixation
• Target Micro-Motion:     0.180 mm (180 µm)
• Upper Mass Limit:        65%
• Recommended Biomaterial: 316L Stainless Steel
• Recommended Topology:    Schwarz Primitive (P)
• Clinical Rationale:
  🔍 [Local Biomechanical NLP]: Selects medical-grade stainless steel with a Schwarz Primitive (P) lattice to optimize manufacturing costs while maintaining physiological micro-motion (0.18mm).
================================================================================


================================================================================
[AUDIT LOG] NLP DESIGN REQUEST & AGENT INTERPRETATION
Timestamp: 2026-08-26 18:53:57
Engine:    Local Biomechanical NLP
--------------------------------------------------------------------------------
USER INPUT PROMPT:
"I need a rigid, high-strength Stainless Steel plate for a young athlete that restricts micro-motion to 0.12mm to ensure stable fixation."

AGENT STRUCTURED TRANSLATION:
• Clinical Objective:      Rigid Fixation & High-Strength Stability
• Target Micro-Motion:     0.120 mm (120 µm)
• Upper Mass Limit:        70%
• Recommended Biomaterial: 316L Stainless Steel
• Recommended Topology:    Schwarz Diamond (D)
• Clinical Rationale:
  🔍 [Local Biomechanical NLP]: Enforces high structural rigidity (0.12mm limit) using a Schwarz Diamond (D) lattice to withstand athletic load cycles and prevent fixation failure.
================================================================================


================================================================================
[AUDIT LOG] NLP DESIGN REQUEST & AGENT INTERPRETATION
Timestamp: 2026-08-26 18:53:57
Engine:    Local Biomechanical NLP
--------------------------------------------------------------------------------
USER INPUT PROMPT:
"I need a rigid, high-strength Stainless Steel plate for a young athlete that restricts micro-motion to 0.12mm to ensure stable fixation."

AGENT STRUCTURED TRANSLATION:
• Clinical Objective:      Rigid Fixation & High-Strength Stability
• Target Micro-Motion:     0.120 mm (120 µm)
• Upper Mass Limit:        70%
• Recommended Biomaterial: 316L Stainless Steel
• Recommended Topology:    Schwarz Diamond (D)
• Clinical Rationale:
  🔍 [Local Biomechanical NLP]: Enforces high structural rigidity (0.12mm limit) using a Schwarz Diamond (D) lattice to withstand athletic load cycles and prevent fixation failure.
================================================================================


================================================================================
[AUDIT LOG] NLP DESIGN REQUEST & AGENT INTERPRETATION
Timestamp: 2026-08-26 18:53:58
Engine:    Local Biomechanical NLP
--------------------------------------------------------------------------------
USER INPUT PROMPT:
"I need a highly porous Titanium plate for an elderly osteoporotic patient that allows 0.30mm of micro-motion, minimizing stress shielding and maximizing porosity."

AGENT STRUCTURED TRANSLATION:
• Clinical Objective:      Osteoporotic Compliance & Porosity Maximization
• Target Micro-Motion:     0.300 mm (300 µm)
• Upper Mass Limit:        50%
• Recommended Biomaterial: Ti-6Al-4V (Grade 5 Titanium)
• Recommended Topology:    Schwarz Primitive (P)
• Clinical Rationale:
  🔍 [Local Biomechanical NLP]: Targets elevated micro-motion (0.30mm) with a high-permeability Schwarz Primitive (P) architecture to match low bone mineral density and eliminate cortical resorption.
================================================================================


================================================================================
[AUDIT LOG] NLP DESIGN REQUEST & AGENT INTERPRETATION
Timestamp: 2026-08-26 18:53:58
Engine:    Local Biomechanical NLP
--------------------------------------------------------------------------------
USER INPUT PROMPT:
"I need a highly porous Titanium plate for an elderly osteoporotic patient that allows 0.30mm of micro-motion, minimizing stress shielding and maximizing porosity."

AGENT STRUCTURED TRANSLATION:
• Clinical Objective:      Osteoporotic Compliance & Porosity Maximization
• Target Micro-Motion:     0.300 mm (300 µm)
• Upper Mass Limit:        50%
• Recommended Biomaterial: Ti-6Al-4V (Grade 5 Titanium)
• Recommended Topology:    Schwarz Primitive (P)
• Clinical Rationale:
  🔍 [Local Biomechanical NLP]: Targets elevated micro-motion (0.30mm) with a high-permeability Schwarz Primitive (P) architecture to match low bone mineral density and eliminate cortical resorption.
================================================================================


================================================================================
[AUDIT LOG] NLP DESIGN REQUEST & AGENT INTERPRETATION
Timestamp: 2026-08-26 18:54:24
Engine:    Local Biomechanical NLP
--------------------------------------------------------------------------------
USER INPUT PROMPT:
"I need a highly porous Titanium plate for an elderly osteoporotic patient that allows 0.30mm of micro-motion, minimizing stress shielding and maximizing porosity."

AGENT STRUCTURED TRANSLATION:
• Clinical Objective:      Osteoporotic Compliance & Porosity Maximization
• Target Micro-Motion:     0.300 mm (300 µm)
• Upper Mass Limit:        50%
• Recommended Biomaterial: Ti-6Al-4V (Grade 5 Titanium)
• Recommended Topology:    Schwarz Primitive (P)
• Clinical Rationale:
  🔍 [Local Biomechanical NLP]: Targets elevated micro-motion (0.30mm) with a high-permeability Schwarz Primitive (P) architecture to match low bone mineral density and eliminate cortical resorption.
================================================================================


================================================================================
[AUDIT LOG] NLP DESIGN REQUEST & AGENT INTERPRETATION
Timestamp: 2026-08-26 18:55:47
Engine:    Local Biomechanical NLP
--------------------------------------------------------------------------------
USER INPUT PROMPT:
"I need a compliant Titanium plate that allows 0.2mm of micro-motion at the fracture site to stimulate callus formation, while keeping the implant as light as possible."

AGENT STRUCTURED TRANSLATION:
• Clinical Objective:      Callus Stimulation & Mass Minimization
• Target Micro-Motion:     0.200 mm (200 µm)
• Upper Mass Limit:        60%
• Recommended Biomaterial: Ti-6Al-4V (Grade 5 Titanium)
• Recommended Topology:    Schwarz Primitive (P)
• Clinical Rationale:
  🔍 [Local Biomechanical NLP]: Optimizes for the physiological secondary bone healing window (0.20mm micro-motion) using a permeable Schwarz Primitive (P) architecture while minimizing foreign implant mass.
================================================================================


================================================================================
[AUDIT LOG] NLP DESIGN REQUEST & AGENT INTERPRETATION
Timestamp: 2026-08-26 18:56:03
Engine:    Local Biomechanical NLP
--------------------------------------------------------------------------------
USER INPUT PROMPT:
"I need a rigid, high-strength Stainless Steel plate for a young athlete that restricts micro-motion to 0.12mm to ensure stable fixation."

AGENT STRUCTURED TRANSLATION:
• Clinical Objective:      Rigid Fixation & High-Strength Stability
• Target Micro-Motion:     0.120 mm (120 µm)
• Upper Mass Limit:        70%
• Recommended Biomaterial: 316L Stainless Steel
• Recommended Topology:    Schwarz Diamond (D)
• Clinical Rationale:
  🔍 [Local Biomechanical NLP]: Enforces high structural rigidity (0.12mm limit) using a Schwarz Diamond (D) lattice to withstand athletic load cycles and prevent fixation failure.
================================================================================


================================================================================
[AUDIT LOG] NLP DESIGN REQUEST & AGENT INTERPRETATION
Timestamp: 2026-08-26 18:56:04
Engine:    Local Biomechanical NLP
--------------------------------------------------------------------------------
USER INPUT PROMPT:
"I need a rigid, high-strength Stainless Steel plate for a young athlete that restricts micro-motion to 0.12mm to ensure stable fixation."

AGENT STRUCTURED TRANSLATION:
• Clinical Objective:      Rigid Fixation & High-Strength Stability
• Target Micro-Motion:     0.120 mm (120 µm)
• Upper Mass Limit:        70%
• Recommended Biomaterial: 316L Stainless Steel
• Recommended Topology:    Schwarz Diamond (D)
• Clinical Rationale:
  🔍 [Local Biomechanical NLP]: Enforces high structural rigidity (0.12mm limit) using a Schwarz Diamond (D) lattice to withstand athletic load cycles and prevent fixation failure.
================================================================================


================================================================================
[AUDIT LOG] NLP DESIGN REQUEST & AGENT INTERPRETATION
Timestamp: 2026-08-26 18:56:05
Engine:    Local Biomechanical NLP
--------------------------------------------------------------------------------
USER INPUT PROMPT:
"I need a highly porous Titanium plate for an elderly osteoporotic patient that allows 0.30mm of micro-motion, minimizing stress shielding and maximizing porosity."

AGENT STRUCTURED TRANSLATION:
• Clinical Objective:      Osteoporotic Compliance & Porosity Maximization
• Target Micro-Motion:     0.300 mm (300 µm)
• Upper Mass Limit:        50%
• Recommended Biomaterial: Ti-6Al-4V (Grade 5 Titanium)
• Recommended Topology:    Schwarz Primitive (P)
• Clinical Rationale:
  🔍 [Local Biomechanical NLP]: Targets elevated micro-motion (0.30mm) with a high-permeability Schwarz Primitive (P) architecture to match low bone mineral density and eliminate cortical resorption.
================================================================================


================================================================================
[AUDIT LOG] NLP DESIGN REQUEST & AGENT INTERPRETATION
Timestamp: 2026-08-26 18:56:06
Engine:    Local Biomechanical NLP
--------------------------------------------------------------------------------
USER INPUT PROMPT:
"I need a highly porous Titanium plate for an elderly osteoporotic patient that allows 0.30mm of micro-motion, minimizing stress shielding and maximizing porosity."

AGENT STRUCTURED TRANSLATION:
• Clinical Objective:      Osteoporotic Compliance & Porosity Maximization
• Target Micro-Motion:     0.300 mm (300 µm)
• Upper Mass Limit:        50%
• Recommended Biomaterial: Ti-6Al-4V (Grade 5 Titanium)
• Recommended Topology:    Schwarz Primitive (P)
• Clinical Rationale:
  🔍 [Local Biomechanical NLP]: Targets elevated micro-motion (0.30mm) with a high-permeability Schwarz Primitive (P) architecture to match low bone mineral density and eliminate cortical resorption.
================================================================================


================================================================================
[AUDIT LOG] NLP DESIGN REQUEST & AGENT INTERPRETATION
Timestamp: 2026-08-26 18:56:08
Engine:    Local Biomechanical NLP
--------------------------------------------------------------------------------
USER INPUT PROMPT:
"I need an affordable, cost-effective 316L Stainless Steel plate that maintains 0.18mm micro-motion with high ductility."

AGENT STRUCTURED TRANSLATION:
• Clinical Objective:      Cost-Effective Secondary Bone Fixation
• Target Micro-Motion:     0.180 mm (180 µm)
• Upper Mass Limit:        65%
• Recommended Biomaterial: 316L Stainless Steel
• Recommended Topology:    Schwarz Primitive (P)
• Clinical Rationale:
  🔍 [Local Biomechanical NLP]: Selects medical-grade stainless steel with a Schwarz Primitive (P) lattice to optimize manufacturing costs while maintaining physiological micro-motion (0.18mm).
================================================================================


================================================================================
[AUDIT LOG] NLP DESIGN REQUEST & AGENT INTERPRETATION
Timestamp: 2026-08-26 18:56:09
Engine:    Local Biomechanical NLP
--------------------------------------------------------------------------------
USER INPUT PROMPT:
"I need an affordable, cost-effective 316L Stainless Steel plate that maintains 0.18mm micro-motion with high ductility."

AGENT STRUCTURED TRANSLATION:
• Clinical Objective:      Cost-Effective Secondary Bone Fixation
• Target Micro-Motion:     0.180 mm (180 µm)
• Upper Mass Limit:        65%
• Recommended Biomaterial: 316L Stainless Steel
• Recommended Topology:    Schwarz Primitive (P)
• Clinical Rationale:
  🔍 [Local Biomechanical NLP]: Selects medical-grade stainless steel with a Schwarz Primitive (P) lattice to optimize manufacturing costs while maintaining physiological micro-motion (0.18mm).
================================================================================


================================================================================
[AUDIT LOG] NLP DESIGN REQUEST & AGENT INTERPRETATION
Timestamp: 2026-08-26 18:56:14
Engine:    Local Biomechanical NLP
--------------------------------------------------------------------------------
USER INPUT PROMPT:
"I need a highly porous Titanium plate for an elderly osteoporotic patient that allows 0.30mm of micro-motion, minimizing stress shielding and maximizing porosity."

AGENT STRUCTURED TRANSLATION:
• Clinical Objective:      Osteoporotic Compliance & Porosity Maximization
• Target Micro-Motion:     0.300 mm (300 µm)
• Upper Mass Limit:        50%
• Recommended Biomaterial: Ti-6Al-4V (Grade 5 Titanium)
• Recommended Topology:    Schwarz Primitive (P)
• Clinical Rationale:
  🔍 [Local Biomechanical NLP]: Targets elevated micro-motion (0.30mm) with a high-permeability Schwarz Primitive (P) architecture to match low bone mineral density and eliminate cortical resorption.
================================================================================


================================================================================
[AUDIT LOG] NLP DESIGN REQUEST & AGENT INTERPRETATION
Timestamp: 2026-08-26 18:56:15
Engine:    Local Biomechanical NLP
--------------------------------------------------------------------------------
USER INPUT PROMPT:
"I need a highly porous Titanium plate for an elderly osteoporotic patient that allows 0.30mm of micro-motion, minimizing stress shielding and maximizing porosity."

AGENT STRUCTURED TRANSLATION:
• Clinical Objective:      Osteoporotic Compliance & Porosity Maximization
• Target Micro-Motion:     0.300 mm (300 µm)
• Upper Mass Limit:        50%
• Recommended Biomaterial: Ti-6Al-4V (Grade 5 Titanium)
• Recommended Topology:    Schwarz Primitive (P)
• Clinical Rationale:
  🔍 [Local Biomechanical NLP]: Targets elevated micro-motion (0.30mm) with a high-permeability Schwarz Primitive (P) architecture to match low bone mineral density and eliminate cortical resorption.
================================================================================


================================================================================
[AUDIT LOG] NLP DESIGN REQUEST & AGENT INTERPRETATION
Timestamp: 2026-08-26 18:56:17
Engine:    Local Biomechanical NLP
--------------------------------------------------------------------------------
USER INPUT PROMPT:
"I need a highly porous Titanium plate for an elderly osteoporotic patient that allows 0.30mm of micro-motion, minimizing stress shielding and maximizing porosity."

AGENT STRUCTURED TRANSLATION:
• Clinical Objective:      Osteoporotic Compliance & Porosity Maximization
• Target Micro-Motion:     0.300 mm (300 µm)
• Upper Mass Limit:        50%
• Recommended Biomaterial: Ti-6Al-4V (Grade 5 Titanium)
• Recommended Topology:    Schwarz Primitive (P)
• Clinical Rationale:
  🔍 [Local Biomechanical NLP]: Targets elevated micro-motion (0.30mm) with a high-permeability Schwarz Primitive (P) architecture to match low bone mineral density and eliminate cortical resorption.
================================================================================


================================================================================
[AUDIT LOG] NLP DESIGN REQUEST & AGENT INTERPRETATION
Timestamp: 2026-08-26 18:56:22
Engine:    Local Biomechanical NLP
--------------------------------------------------------------------------------
USER INPUT PROMPT:
"I need a highly porous Titanium plate for an elderly osteoporotic patient that allows 0.30mm of micro-motion, minimizing stress shielding and maximizing porosity."

AGENT STRUCTURED TRANSLATION:
• Clinical Objective:      Osteoporotic Compliance & Porosity Maximization
• Target Micro-Motion:     0.300 mm (300 µm)
• Upper Mass Limit:        50%
• Recommended Biomaterial: Ti-6Al-4V (Grade 5 Titanium)
• Recommended Topology:    Schwarz Primitive (P)
• Clinical Rationale:
  🔍 [Local Biomechanical NLP]: Targets elevated micro-motion (0.30mm) with a high-permeability Schwarz Primitive (P) architecture to match low bone mineral density and eliminate cortical resorption.
================================================================================


================================================================================
[AUDIT LOG] NLP DESIGN REQUEST & AGENT INTERPRETATION
Timestamp: 2026-08-26 18:56:47
Engine:    Local Biomechanical NLP
--------------------------------------------------------------------------------
USER INPUT PROMPT:
"I need a highly porous Titanium plate for an elderly osteoporotic patient that allows 0.30mm of micro-motion, minimizing stress shielding and maximizing porosity."

AGENT STRUCTURED TRANSLATION:
• Clinical Objective:      Osteoporotic Compliance & Porosity Maximization
• Target Micro-Motion:     0.300 mm (300 µm)
• Upper Mass Limit:        50%
• Recommended Biomaterial: Ti-6Al-4V (Grade 5 Titanium)
• Recommended Topology:    Schwarz Primitive (P)
• Clinical Rationale:
  🔍 [Local Biomechanical NLP]: Targets elevated micro-motion (0.30mm) with a high-permeability Schwarz Primitive (P) architecture to match low bone mineral density and eliminate cortical resorption.
================================================================================


================================================================================
[AUDIT LOG] NLP DESIGN REQUEST & AGENT INTERPRETATION
Timestamp: 2026-08-26 19:26:35
Engine:    Local Biomechanical NLP
--------------------------------------------------------------------------------
USER INPUT PROMPT:
"I need a compliant Titanium plate that allows 0.2mm of micro-motion at the fracture site to stimulate callus formation, while keeping the implant as light as possible."

AGENT STRUCTURED TRANSLATION:
• Clinical Objective:      Callus Stimulation & Mass Minimization
• Target Micro-Motion:     0.200 mm (200 µm)
• Upper Mass Limit:        60%
• Recommended Biomaterial: Ti-6Al-4V (Grade 5 Titanium)
• Recommended Topology:    Schwarz Primitive (P)
• Clinical Rationale:
  🔍 [Local Biomechanical NLP]: Optimizes for the physiological secondary bone healing window (0.20mm micro-motion) using a permeable Schwarz Primitive (P) architecture while minimizing foreign implant mass.
================================================================================


================================================================================
[AUDIT LOG] NLP DESIGN REQUEST & AGENT INTERPRETATION
Timestamp: 2026-08-26 19:26:43
Engine:    Local Biomechanical NLP
--------------------------------------------------------------------------------
USER INPUT PROMPT:
"I need an affordable, cost-effective 316L Stainless Steel plate that maintains 0.18mm micro-motion with high ductility."

AGENT STRUCTURED TRANSLATION:
• Clinical Objective:      Cost-Effective Secondary Bone Fixation
• Target Micro-Motion:     0.180 mm (180 µm)
• Upper Mass Limit:        65%
• Recommended Biomaterial: 316L Stainless Steel
• Recommended Topology:    Schwarz Primitive (P)
• Clinical Rationale:
  🔍 [Local Biomechanical NLP]: Selects medical-grade stainless steel with a Schwarz Primitive (P) lattice to optimize manufacturing costs while maintaining physiological micro-motion (0.18mm).
================================================================================


================================================================================
[AUDIT LOG] NLP DESIGN REQUEST & AGENT INTERPRETATION
Timestamp: 2026-08-26 19:26:44
Engine:    Local Biomechanical NLP
--------------------------------------------------------------------------------
USER INPUT PROMPT:
"I need an affordable, cost-effective 316L Stainless Steel plate that maintains 0.18mm micro-motion with high ductility."

AGENT STRUCTURED TRANSLATION:
• Clinical Objective:      Cost-Effective Secondary Bone Fixation
• Target Micro-Motion:     0.180 mm (180 µm)
• Upper Mass Limit:        65%
• Recommended Biomaterial: 316L Stainless Steel
• Recommended Topology:    Schwarz Primitive (P)
• Clinical Rationale:
  🔍 [Local Biomechanical NLP]: Selects medical-grade stainless steel with a Schwarz Primitive (P) lattice to optimize manufacturing costs while maintaining physiological micro-motion (0.18mm).
================================================================================


================================================================================
[AUDIT LOG] NLP DESIGN REQUEST & AGENT INTERPRETATION
Timestamp: 2026-08-26 19:26:53
Engine:    Local Biomechanical NLP
--------------------------------------------------------------------------------
USER INPUT PROMPT:
"I need a highly porous Titanium plate for an elderly osteoporotic patient that allows 0.30mm of micro-motion, minimizing stress shielding and maximizing porosity."

AGENT STRUCTURED TRANSLATION:
• Clinical Objective:      Osteoporotic Compliance & Porosity Maximization
• Target Micro-Motion:     0.300 mm (300 µm)
• Upper Mass Limit:        50%
• Recommended Biomaterial: Ti-6Al-4V (Grade 5 Titanium)
• Recommended Topology:    Schwarz Primitive (P)
• Clinical Rationale:
  🔍 [Local Biomechanical NLP]: Targets elevated micro-motion (0.30mm) with a high-permeability Schwarz Primitive (P) architecture to match low bone mineral density and eliminate cortical resorption.
================================================================================


================================================================================
[AUDIT LOG] NLP DESIGN REQUEST & AGENT INTERPRETATION
Timestamp: 2026-08-26 19:26:55
Engine:    Local Biomechanical NLP
--------------------------------------------------------------------------------
USER INPUT PROMPT:
"I need a highly porous Titanium plate for an elderly osteoporotic patient that allows 0.30mm of micro-motion, minimizing stress shielding and maximizing porosity."

AGENT STRUCTURED TRANSLATION:
• Clinical Objective:      Osteoporotic Compliance & Porosity Maximization
• Target Micro-Motion:     0.300 mm (300 µm)
• Upper Mass Limit:        50%
• Recommended Biomaterial: Ti-6Al-4V (Grade 5 Titanium)
• Recommended Topology:    Schwarz Primitive (P)
• Clinical Rationale:
  🔍 [Local Biomechanical NLP]: Targets elevated micro-motion (0.30mm) with a high-permeability Schwarz Primitive (P) architecture to match low bone mineral density and eliminate cortical resorption.
================================================================================


================================================================================
[AUDIT LOG] NLP DESIGN REQUEST & AGENT INTERPRETATION
Timestamp: 2026-08-26 19:26:58
Engine:    Local Biomechanical NLP
--------------------------------------------------------------------------------
USER INPUT PROMPT:
"I need a highly porous Titanium plate for an elderly osteoporotic patient that allows 0.30mm of micro-motion, minimizing stress shielding and maximizing porosity."

AGENT STRUCTURED TRANSLATION:
• Clinical Objective:      Osteoporotic Compliance & Porosity Maximization
• Target Micro-Motion:     0.300 mm (300 µm)
• Upper Mass Limit:        50%
• Recommended Biomaterial: Ti-6Al-4V (Grade 5 Titanium)
• Recommended Topology:    Schwarz Primitive (P)
• Clinical Rationale:
  🔍 [Local Biomechanical NLP]: Targets elevated micro-motion (0.30mm) with a high-permeability Schwarz Primitive (P) architecture to match low bone mineral density and eliminate cortical resorption.
================================================================================


================================================================================
[AUDIT LOG] NLP DESIGN REQUEST & AGENT INTERPRETATION
Timestamp: 2026-08-26 19:27:00
Engine:    Local Biomechanical NLP
--------------------------------------------------------------------------------
USER INPUT PROMPT:
"I need a highly porous Titanium plate for an elderly osteoporotic patient that allows 0.30mm of micro-motion, minimizing stress shielding and maximizing porosity."

AGENT STRUCTURED TRANSLATION:
• Clinical Objective:      Osteoporotic Compliance & Porosity Maximization
• Target Micro-Motion:     0.300 mm (300 µm)
• Upper Mass Limit:        50%
• Recommended Biomaterial: Ti-6Al-4V (Grade 5 Titanium)
• Recommended Topology:    Schwarz Primitive (P)
• Clinical Rationale:
  🔍 [Local Biomechanical NLP]: Targets elevated micro-motion (0.30mm) with a high-permeability Schwarz Primitive (P) architecture to match low bone mineral density and eliminate cortical resorption.
================================================================================


================================================================================
[AUDIT LOG] COMPLETE BIOMECHANICAL OPTIMIZATION & IN-SILICO VERIFICATION RUN
Timestamp:        2026-08-26 19:38:58
Simulation Mode:  Clinical Grade (TET10 Refined · Quadratic 10-node)
Material:         Ti-6Al-4V ELI (Grade 5) (Ti64, E=110.0 GPa)
--------------------------------------------------------------------------------
1. USER REQUEST & CLINICAL TARGET:
   • Prompt:        "I need a highly porous Titanium plate for an elderly osteoporotic patient that allows 0.30mm of micro-motion, minimizing stress shielding and maximizing porosity."
   • Objective:     Osteoporotic Compliance & Porosity Maximization
   • Target Motion: 0.30 mm

2. ADJOINT OPTIMIZATION METRICS:
   • Steps to Convergence: 21
   • Objective Loss:       594.9459 -> 203.8422
   • Final TPMS Values:    tau_prox=0.100, tau_bridge=0.185, tau_dist=1.381
   • Achieved Porosity:    50.7%

3. BIOMECHANICAL OUTCOME:
   • Baseline Solid Mass:  64.0 g
   • Optimized TPMS Mass:  36.4 g (-43.1% Reduction)
   • Achieved Micro-Motion:0.225 mm (Target: 0.30 mm)

4. IN-SILICO CLINICAL VERIFICATION (ASTM F382 / ISO 7206):
   • Overall Verdict:      CONDITIONALLY APPROVED (MONITOR LOAD CASE) (75%)
  • [FAIL] Micro-Motion Target Verification Measured: 0.225 mm                  Criteria: 0.30 mm ± 20%
  • [PASS] Stress Shielding Mitigation      Measured: 90.3% preserved           Criteria: ≥ 55.0% load transfer
  • [PASS] Static Bending Yield Safety      Measured: 4.41x (Peak σ: 200 MPa)   Criteria: S_f ≥ 1.50 (Yield: 880 MPa)
  • [PASS] Cyclic Fatigue Endurance         Measured: 2.85x                     Criteria: ≥ 1.20x Endurance Margin

================================================================================


================================================================================
[AUDIT LOG] COMPLETE BIOMECHANICAL OPTIMIZATION & IN-SILICO VERIFICATION RUN
Timestamp:        2026-08-26 21:22:00
Simulation Mode:  Clinical Grade (TET10 Refined · Quadratic 10-node)
Material:         Ti-6Al-4V ELI (Grade 5) (Ti64, E=110.0 GPa)
--------------------------------------------------------------------------------
1. USER REQUEST & CLINICAL TARGET:
   • Prompt:        "I need a highly porous Titanium plate for an elderly osteoporotic patient that allows 0.30mm of micro-motion, minimizing stress shielding and maximizing porosity."
   • Objective:     Osteoporotic Compliance & Porosity Maximization
   • Target Motion: 0.30 mm

2. ADJOINT OPTIMIZATION METRICS:
   • Steps to Convergence: 21
   • Objective Loss:       594.9459 -> 203.8422
   • Final TPMS Values:    tau_prox=0.100, tau_bridge=0.185, tau_dist=1.381
   • Achieved Porosity:    50.7%

3. BIOMECHANICAL OUTCOME:
   • Baseline Solid Mass:  64.0 g
   • Optimized TPMS Mass:  36.4 g (-43.1% Reduction)
   • Achieved Micro-Motion:0.225 mm (Target: 0.30 mm)

4. IN-SILICO CLINICAL VERIFICATION (ASTM F382 / ISO 7206):
   • Overall Verdict:      CONDITIONALLY APPROVED (MONITOR LOAD CASE) (75%)
  • [FAIL] Micro-Motion Target Verification Measured: 0.225 mm                  Criteria: 0.30 mm ± 20%
  • [PASS] Stress Shielding Mitigation      Measured: 90.3% preserved           Criteria: ≥ 55.0% load transfer
  • [PASS] Static Bending Yield Safety      Measured: 4.41x (Peak σ: 200 MPa)   Criteria: S_f ≥ 1.50 (Yield: 880 MPa)
  • [PASS] Cyclic Fatigue Endurance         Measured: 2.85x                     Criteria: ≥ 1.20x Endurance Margin

================================================================================


================================================================================
[AUDIT LOG] NLP DESIGN REQUEST & AGENT INTERPRETATION
Timestamp: 2026-08-26 22:42:11
Engine:    Local Biomechanical NLP
--------------------------------------------------------------------------------
USER INPUT PROMPT:
"I need a compliant Titanium plate that allows 0.2mm of micro-motion at the fracture site to stimulate callus formation, while keeping the implant as light as possible."

AGENT STRUCTURED TRANSLATION:
• Clinical Objective:      Callus Stimulation & Mass Minimization
• Target Micro-Motion:     0.200 mm (200 µm)
• Upper Mass Limit:        60%
• Recommended Biomaterial: Ti-6Al-4V (Grade 5 Titanium)
• Recommended Topology:    Schwarz Primitive (P)
• Clinical Rationale:
  🔍 [Local Biomechanical NLP]: Optimizes for the physiological secondary bone healing window (0.20mm micro-motion) using a permeable Schwarz Primitive (P) architecture while minimizing foreign implant mass.
================================================================================


================================================================================
[AUDIT LOG] NLP DESIGN REQUEST & AGENT INTERPRETATION
Timestamp: 2026-08-26 22:42:30
Engine:    Local Biomechanical NLP
--------------------------------------------------------------------------------
USER INPUT PROMPT:
"I need a rigid, high-strength Stainless Steel plate for a young athlete that restricts micro-motion to 0.12mm to ensure stable fixation."

AGENT STRUCTURED TRANSLATION:
• Clinical Objective:      Rigid Fixation & High-Strength Stability
• Target Micro-Motion:     0.120 mm (120 µm)
• Upper Mass Limit:        70%
• Recommended Biomaterial: 316L Stainless Steel
• Recommended Topology:    Schwarz Diamond (D)
• Clinical Rationale:
  🔍 [Local Biomechanical NLP]: Enforces high structural rigidity (0.12mm limit) using a Schwarz Diamond (D) lattice to withstand athletic load cycles and prevent fixation failure.
================================================================================


================================================================================
[AUDIT LOG] NLP DESIGN REQUEST & AGENT INTERPRETATION
Timestamp: 2026-08-26 22:42:31
Engine:    Local Biomechanical NLP
--------------------------------------------------------------------------------
USER INPUT PROMPT:
"I need a rigid, high-strength Stainless Steel plate for a young athlete that restricts micro-motion to 0.12mm to ensure stable fixation."

AGENT STRUCTURED TRANSLATION:
• Clinical Objective:      Rigid Fixation & High-Strength Stability
• Target Micro-Motion:     0.120 mm (120 µm)
• Upper Mass Limit:        70%
• Recommended Biomaterial: 316L Stainless Steel
• Recommended Topology:    Schwarz Diamond (D)
• Clinical Rationale:
  🔍 [Local Biomechanical NLP]: Enforces high structural rigidity (0.12mm limit) using a Schwarz Diamond (D) lattice to withstand athletic load cycles and prevent fixation failure.
================================================================================


================================================================================
[AUDIT LOG] NLP DESIGN REQUEST & AGENT INTERPRETATION
Timestamp: 2026-08-26 22:42:49
Engine:    Local Biomechanical NLP
--------------------------------------------------------------------------------
USER INPUT PROMPT:
"I need a rigid, high-strength Stainless Steel plate for a young athlete that restricts micro-motion to 0.12mm to ensure stable fixation."

AGENT STRUCTURED TRANSLATION:
• Clinical Objective:      Rigid Fixation & High-Strength Stability
• Target Micro-Motion:     0.120 mm (120 µm)
• Upper Mass Limit:        70%
• Recommended Biomaterial: 316L Stainless Steel
• Recommended Topology:    Schwarz Diamond (D)
• Clinical Rationale:
  🔍 [Local Biomechanical NLP]: Enforces high structural rigidity (0.12mm limit) using a Schwarz Diamond (D) lattice to withstand athletic load cycles and prevent fixation failure.
================================================================================


================================================================================
[AUDIT LOG] COMPLETE BIOMECHANICAL OPTIMIZATION & IN-SILICO VERIFICATION RUN
Timestamp:        2026-08-26 22:45:32
Simulation Mode:  Clinical Grade (TET10 Refined · Quadratic 10-node)
Material:         Medical Grade 316L Stainless Steel (SS316L, E=193.0 GPa)
--------------------------------------------------------------------------------
1. USER REQUEST & CLINICAL TARGET:
   • Prompt:        "I need a rigid, high-strength Stainless Steel plate for a young athlete that restricts micro-motion to 0.12mm to ensure stable fixation."
   • Objective:     Rigid Fixation & High-Strength Stability
   • Target Motion: 0.12 mm

2. ADJOINT OPTIMIZATION METRICS:
   • Steps to Convergence: 4
   • Objective Loss:       530.2657 -> 153.1597
   • Final TPMS Values:    tau_prox=0.107, tau_bridge=0.150, tau_dist=0.202
   • Achieved Porosity:    44.5%

3. BIOMECHANICAL OUTCOME:
   • Baseline Solid Mass:  115.6 g
   • Optimized TPMS Mass:  71.8 g (-37.8% Reduction)
   • Achieved Micro-Motion:0.136 mm (Target: 0.12 mm)

4. IN-SILICO CLINICAL VERIFICATION (ASTM F382 / ISO 7206):
   • Overall Verdict:      REVISION REQUIRED (ADJUST PARAMETERS) (50%)
  • [PASS] Micro-Motion Target Verification Measured: 0.136 mm                  Criteria: 0.12 mm ± 20%
  • [PASS] Stress Shielding Mitigation      Measured: 78.4% preserved           Criteria: ≥ 55.0% load transfer
  • [FAIL] Static Bending Yield Safety      Measured: 1.34x (Peak σ: 164 MPa)   Criteria: S_f ≥ 1.50 (Yield: 220 MPa)
  • [FAIL] Cyclic Fatigue Endurance         Measured: 0.87x                     Criteria: ≥ 1.20x Endurance Margin

================================================================================


================================================================================
[AUDIT LOG] NLP DESIGN REQUEST & AGENT INTERPRETATION
Timestamp: 2026-08-26 22:53:59
Engine:    Local Biomechanical NLP
--------------------------------------------------------------------------------
USER INPUT PROMPT:
"I need a highly porous Titanium plate for an elderly osteoporotic patient that allows 0.30mm of micro-motion, minimizing stress shielding and maximizing porosity."

AGENT STRUCTURED TRANSLATION:
• Clinical Objective:      Osteoporotic Compliance & Porosity Maximization
• Target Micro-Motion:     0.300 mm (300 µm)
• Upper Mass Limit:        50%
• Recommended Biomaterial: Ti-6Al-4V (Grade 5 Titanium)
• Recommended Topology:    Schwarz Primitive (P)
• Clinical Rationale:
  🔍 [Local Biomechanical NLP]: Targets elevated micro-motion (0.30mm) with a high-permeability Schwarz Primitive (P) architecture to match low bone mineral density and eliminate cortical resorption.
================================================================================


================================================================================
[AUDIT LOG] NLP DESIGN REQUEST & AGENT INTERPRETATION
Timestamp: 2026-08-26 22:54:01
Engine:    Local Biomechanical NLP
--------------------------------------------------------------------------------
USER INPUT PROMPT:
"I need a highly porous Titanium plate for an elderly osteoporotic patient that allows 0.30mm of micro-motion, minimizing stress shielding and maximizing porosity."

AGENT STRUCTURED TRANSLATION:
• Clinical Objective:      Osteoporotic Compliance & Porosity Maximization
• Target Micro-Motion:     0.300 mm (300 µm)
• Upper Mass Limit:        50%
• Recommended Biomaterial: Ti-6Al-4V (Grade 5 Titanium)
• Recommended Topology:    Schwarz Primitive (P)
• Clinical Rationale:
  🔍 [Local Biomechanical NLP]: Targets elevated micro-motion (0.30mm) with a high-permeability Schwarz Primitive (P) architecture to match low bone mineral density and eliminate cortical resorption.
================================================================================


================================================================================
[AUDIT LOG] NLP DESIGN REQUEST & AGENT INTERPRETATION
Timestamp: 2026-08-26 22:54:04
Engine:    Local Biomechanical NLP
--------------------------------------------------------------------------------
USER INPUT PROMPT:
"I need a highly porous Titanium plate for an elderly osteoporotic patient that allows 0.30mm of micro-motion, minimizing stress shielding and maximizing porosity."

AGENT STRUCTURED TRANSLATION:
• Clinical Objective:      Osteoporotic Compliance & Porosity Maximization
• Target Micro-Motion:     0.300 mm (300 µm)
• Upper Mass Limit:        50%
• Recommended Biomaterial: Ti-6Al-4V (Grade 5 Titanium)
• Recommended Topology:    Schwarz Primitive (P)
• Clinical Rationale:
  🔍 [Local Biomechanical NLP]: Targets elevated micro-motion (0.30mm) with a high-permeability Schwarz Primitive (P) architecture to match low bone mineral density and eliminate cortical resorption.
================================================================================


================================================================================
[AUDIT LOG] COMPLETE BIOMECHANICAL OPTIMIZATION & IN-SILICO VERIFICATION RUN
Timestamp:        2026-08-26 22:54:08
Simulation Mode:  Clinical Grade (TET10 Refined · Quadratic 10-node)
Material:         Ti-6Al-4V ELI (Grade 5) (Ti64, E=110.0 GPa)
--------------------------------------------------------------------------------
1. USER REQUEST & CLINICAL TARGET:
   • Prompt:        "I need a highly porous Titanium plate for an elderly osteoporotic patient that allows 0.30mm of micro-motion, minimizing stress shielding and maximizing porosity."
   • Objective:     Osteoporotic Compliance & Porosity Maximization
   • Target Motion: 0.12 mm

2. ADJOINT OPTIMIZATION METRICS:
   • Steps to Convergence: 4
   • Objective Loss:       530.2657 -> 153.1597
   • Final TPMS Values:    tau_prox=0.107, tau_bridge=0.150, tau_dist=0.202
   • Achieved Porosity:    44.5%

3. BIOMECHANICAL OUTCOME:
   • Baseline Solid Mass:  64.0 g
   • Optimized TPMS Mass:  39.8 g (-37.8% Reduction)
   • Achieved Micro-Motion:0.136 mm (Target: 0.12 mm)

4. IN-SILICO CLINICAL VERIFICATION (ASTM F382 / ISO 7206):
   • Overall Verdict:      CLINICALLY APPROVED (ALL CRITERIA VERIFIED) (100%)
  • [PASS] Micro-Motion Target Verification Measured: 0.136 mm                  Criteria: 0.12 mm ± 20%
  • [PASS] Stress Shielding Mitigation      Measured: 87.7% preserved           Criteria: ≥ 55.0% load transfer
  • [PASS] Static Bending Yield Safety      Measured: 5.38x (Peak σ: 164 MPa)   Criteria: S_f ≥ 1.50 (Yield: 880 MPa)
  • [PASS] Cyclic Fatigue Endurance         Measured: 3.48x                     Criteria: ≥ 1.20x Endurance Margin

================================================================================

